// Jest Snapshot v1, https://goo.gl/fbAQLP

exports[`HelpModal renders as expected when modal is NOT showing 1`] = `
<body>
  <div />
</body>
`;

exports[`HelpModal renders as expected when modal is showing 1`] = `
<body
  class="modal-open"
>
  <div />
  <div
    style="position: relative; z-index: 1050;"
    tabindex="-1"
  >
    <div
      class=""
    >
      <div
        class="modal fade"
        role="dialog"
        style="display: block;"
        tabindex="-1"
      >
        <div
          class="modal-dialog HelpModal"
          role="document"
        >
          <div
            class="modal-content"
          >
            <div
              class="modal-header"
            >
              <h5
                class="modal-title"
              >
                Help
              </h5>
              <button
                aria-label="Close"
                class="close"
                type="button"
              >
                <span
                  aria-hidden="true"
                >
                  Ã—
                </span>
              </button>
            </div>
            <div
              class="modal-body"
            >
              This is filter box help!
            </div>
            <div
              class="modal-footer"
            >
              <button
                class="btn btn-light"
                type="button"
              >
                Close
              </button>
            </div>
          </div>
        </div>
      </div>
      <div
        class="modal-backdrop fade"
      />
    </div>
  </div>
</body>
`;
