// Jest Snapshot v1, https://goo.gl/fbAQLP

exports[`Toolbar renders correctly 1`] = `
<div>
  <TopNavbar />
  <HelpModal />
  <InfoModal />
</div>
`;
